
=== ① 拉取标普500量价 + EPS（增量） ===
① 取标普500成分股名单…
   503 只，行业 11 个
② 拉取 532 个标的 × 增量 6M（自动补全量） 日线，并发 4…
   50/532  成功 50  失败 0  其中全量重拉 1  77s
   100/532  成功 100  失败 0  其中全量重拉 3  162s
   150/532  成功 150  失败 0  其中全量重拉 4  231s
   200/532  成功 200  失败 0  其中全量重拉 8  301s
   250/532  成功 250  失败 0  其中全量重拉 10  379s
   300/532  成功 300  失败 0  其中全量重拉 13  449s
   350/532  成功 350  失败 0  其中全量重拉 14  515s
   400/532  成功 400  失败 0  其中全量重拉 14  589s
   450/532  成功 450  失败 0  其中全量重拉 14  658s
   500/532  成功 500  失败 0  其中全量重拉 16  730s
   532/532  成功 532  失败 0  其中全量重拉 28  791s
③ 取标普500 TTM 每股收益…
   1866 个月  1871-01-31 → 2026-06-30

完成（增量，其中 28 只因复权重算或本地过短走了全量）：532 成功 / 0 失败，用时 793s
  行数中位 2517，最少 68
  行业分布: 工业83  金融76  信息技术74  医疗保健60  可选消费47  日常消费33  公用事业31  房地产30  原材料25  通信服务23  能源21

下一步：python3 engine.py

(817s)

=== ② 刷新 VIX / 10年期美债 / TIPS实际利率 ===
VIX    新增 3 行，共 9278 行，最新 2026-09-22
10Y美债   新增 3 行，共 5685 行，最新 2026-09-22
10Y实际利率 新增 3 行，共 5685 行，最新 2026-09-22

(8s)

=== ③ 重算并渲染 dashboard_alt.html ===
蓝点温度 50.0 (中性)  未做方向修正 53.2 (中性)  截至 2026-09-22
红点温度 63.5（门槛 75，权重 top2x2 leveragex2 narrowx3 ma20x1 turnoverx1）  蓝点温度(当日口径) 59.6（蓝点门槛 25 且 VIX≥30）
杠杆温度 61.4（偏热，杠杆资金多空比63.7＋杠杆ETF交易强度54.6，252日滚动分位）
样本 503 成分股 / 11 行业，历史 2513 交易日，温度序列 2243 点
  换手率                    原始=4866778.3377  分位=58.5  未修正=77.6 [方向修正]
  TOP2行业成交额占比            原始=54.3815  分位=59.7
  上涨个股占比                 原始=43.8569  分位=7.7
  个股站上MA20占比             原始=29.2247  分位=10.9
  杠杆资金多空比                原始=72.1781  分位=63.7
  风险溢价 ERP               原始=-1.1409  分位=99.4 [已反向]

写入 dashboard_alt.html（796009 字节）与 data_alt.json
覆盖 2017-10-18 ~ 2026-09-22（2243 个交易日）
截止日：替代红点温度 63.2（门槛 81.7）  蓝点当日温度 65.2  重估期 否
基准 后30日 +2.45% / 32%为负
  hot         65天 / 12段 / 7 事件   后30日 -9.16% / 94%为负 / 最差 -25.8%
  cold        31天 / 13段 / 5 事件   后30日 +18.52% / 0%为负 / 最差 +2.5%
  cold_soft   11天 /  3段 / 1 事件   后30日 +0.74% / 64%为负 / 最差 -2.9%
  tdc          7天 /  7段 / 7 事件   后30日 +2.40% / 57%为负 / 最差 -6.7%

(46s)

=== ④ 检查新触发预警 ===
截至 2026-09-22：替代红点温度 63.2（门槛 81.7）  蓝点温度(当日口径) 65.2
NEWLY_TRIGGERED:none
  无新触发预警
